Archive member included to satisfy reference by file (symbol)

c:/users/wayne/desktop/elec 291/gcc-arm-none-eabi-10.3-2021.10/bin/../lib/gcc/arm-none-eabi/10.3.1/thumb/v6-m/nofp\libgcc.a(_divsi3.o)
                              lcd.o (__aeabi_idiv)
c:/users/wayne/desktop/elec 291/gcc-arm-none-eabi-10.3-2021.10/bin/../lib/gcc/arm-none-eabi/10.3.1/thumb/v6-m/nofp\libgcc.a(_dvmd_tls.o)
                              c:/users/wayne/desktop/elec 291/gcc-arm-none-eabi-10.3-2021.10/bin/../lib/gcc/arm-none-eabi/10.3.1/thumb/v6-m/nofp\libgcc.a(_divsi3.o) (__aeabi_idiv0)

Memory Configuration

Name             Origin             Length             Attributes
flash            0x08000000         0x00010000
ram              0x20000000         0x00002000
*default*        0x00000000         0xffffffff

Linker script and memory map

LOAD startup.o
LOAD main.o
LOAD lcd.o
START GROUP
LOAD c:/users/wayne/desktop/elec 291/gcc-arm-none-eabi-10.3-2021.10/bin/../lib/gcc/arm-none-eabi/10.3.1/thumb/v6-m/nofp\libgcc.a
LOAD c:/users/wayne/desktop/elec 291/gcc-arm-none-eabi-10.3-2021.10/bin/../lib/gcc/arm-none-eabi/10.3.1/../../../../arm-none-eabi/lib/thumb/v6-m/nofp\libc.a
END GROUP

.text           0x08000000      0xe20
 *(.vectors)
 .vectors       0x08000000       0xb8 startup.o
                0x08000000                Vectors
 *(.after_vectors*)
 .after_vectors
                0x080000b8        0xe startup.o
                0x080000b8                ResetInit
 *(.text*)
 *fill*         0x080000c6        0x2 
 .text          0x080000c8      0x18c startup.o
                0x08000140                initClock
                0x08000248                EXTI2_3_Handler
                0x08000248                TIM21_Handler
                0x08000248                SysTick_Handler
                0x08000248                PendSV_Handler
                0x08000248                NMI_Handler
                0x08000248                WWDG_Handler
                0x08000248                RTC_Handler
                0x08000248                EXTI4_15_Handler
                0x08000248                TIM2_Handler
                0x08000248                USART1_Handler
                0x08000248                DMA_CH4_5_6_7_Handler
                0x08000248                Default_Handler
                0x08000248                LPUART1_Handler
                0x08000248                FLASH_Handler
                0x08000248                EXTI0_1_Handler
                0x08000248                DMA_CH1_Handler
                0x08000248                SPI2_Handler
                0x08000248                DMA_CH2_3_Handler
                0x08000248                I2C2_Handler
                0x08000248                SVC_Handler
                0x08000248                LPTIM1_Handler
                0x08000248                USART2_Handler
                0x08000248                SPI1_Handler
                0x08000248                RCC_Handler
                0x08000248                PVD_Handler
                0x08000248                TIM6_Handler
                0x08000248                TIM22_Handler
                0x08000248                ADC_COMP_Handler
                0x0800024e                Hard_Fault_Handler
 .text          0x08000254      0x628 main.o
                0x0800035c                wait_1ms
                0x08000394                waitms
                0x080003b6                load_custom_chars
                0x08000418                eyes_normal
                0x08000444                eyes_wide
                0x08000470                eyes_panic
                0x08000498                eyes_blink
                0x080004cc                I2C_Init
                0x08000594                LCD_pins_init
                0x0800064c                I2C1_Handler
                0x080006d4                main
 .text          0x0800087c      0x340 lcd.o
                0x0800087c                Delay_us
                0x080008dc                LCD_pulse
                0x0800090c                LCD_byte
                0x08000a8e                WriteData
                0x08000ac2                WriteCommand
                0x08000af6                LCD_4BIT
                0x08000b40                LCDprint
 .text          0x08000bbc      0x1d4 c:/users/wayne/desktop/elec 291/gcc-arm-none-eabi-10.3-2021.10/bin/../lib/gcc/arm-none-eabi/10.3.1/thumb/v6-m/nofp\libgcc.a(_divsi3.o)
                0x08000bbc                __divsi3
                0x08000bbc                __aeabi_idiv
                0x08000d88                __aeabi_idivmod
 .text          0x08000d90        0x4 c:/users/wayne/desktop/elec 291/gcc-arm-none-eabi-10.3-2021.10/bin/../lib/gcc/arm-none-eabi/10.3.1/thumb/v6-m/nofp\libgcc.a(_dvmd_tls.o)
                0x08000d90                __aeabi_idiv0
                0x08000d90                __aeabi_ldiv0
 *(.rodata*)
 .rodata        0x08000d94       0x89 main.o
                0x08000e20                . = ALIGN (0x4)
 *fill*         0x08000e1d        0x3 
                0x08000e20                PROVIDE (__init_array_start = .)
 *(SORT_BY_NAME(.init_array.*))
 *(.init_array)
                0x08000e20                PROVIDE (__init_array_end = .)
                0x08000e20                . = ALIGN (0x4)
                0x08000e20                _etext = .

.glue_7         0x08000e20        0x0
 .glue_7        0x08000e20        0x0 linker stubs

.glue_7t        0x08000e20        0x0
 .glue_7t       0x08000e20        0x0 linker stubs

.vfp11_veneer   0x08000e20        0x0
 .vfp11_veneer  0x08000e20        0x0 linker stubs

.v4_bx          0x08000e20        0x0
 .v4_bx         0x08000e20        0x0 linker stubs

.iplt           0x08000e20        0x0
 .iplt          0x08000e20        0x0 startup.o

.rel.dyn        0x08000e20        0x0
 .rel.iplt      0x08000e20        0x0 startup.o

.data           0x20000000       0x40 load address 0x08000e20
                0x20000000                . = ALIGN (0x4)
                0x20000000                _data = .
 *(.data*)
 .data          0x20000000        0x0 startup.o
 .data          0x20000000       0x40 main.o
                0x20000000                cgram_chars
 .data          0x20000040        0x0 lcd.o
 .data          0x20000040        0x0 c:/users/wayne/desktop/elec 291/gcc-arm-none-eabi-10.3-2021.10/bin/../lib/gcc/arm-none-eabi/10.3.1/thumb/v6-m/nofp\libgcc.a(_divsi3.o)
 .data          0x20000040        0x0 c:/users/wayne/desktop/elec 291/gcc-arm-none-eabi-10.3-2021.10/bin/../lib/gcc/arm-none-eabi/10.3.1/thumb/v6-m/nofp\libgcc.a(_dvmd_tls.o)
                0x20000040                . = ALIGN (0x4)
                0x20000040                _edata = .

.igot.plt       0x20000040        0x0 load address 0x08000e60
 .igot.plt      0x20000040        0x0 startup.o

.bss            0x20000040        0x4 load address 0x08000e60
                0x20000040                _bss = .
 *(.bss*)
 .bss           0x20000040        0x0 startup.o
 .bss           0x20000040        0x4 main.o
                0x20000040                r_data
                0x20000042                r_counter
                0x20000043                r_data_ready
 .bss           0x20000044        0x0 lcd.o
 .bss           0x20000044        0x0 c:/users/wayne/desktop/elec 291/gcc-arm-none-eabi-10.3-2021.10/bin/../lib/gcc/arm-none-eabi/10.3.1/thumb/v6-m/nofp\libgcc.a(_divsi3.o)
 .bss           0x20000044        0x0 c:/users/wayne/desktop/elec 291/gcc-arm-none-eabi-10.3-2021.10/bin/../lib/gcc/arm-none-eabi/10.3.1/thumb/v6-m/nofp\libgcc.a(_dvmd_tls.o)
 *(COMMON)
                0x20000044                . = ALIGN (0x4)
                0x20000044                _ebss = .
                [!provide]                PROVIDE (end = .)
                [!provide]                PROVIDE (_HeapStart = .)
                0x20002000                PROVIDE (_StackTop = (ORIGIN (ram) + LENGTH (ram)))
OUTPUT(main.elf elf32-littlearm)
LOAD linker stubs

.debug_info     0x00000000      0xe9d
 .debug_info    0x00000000      0x38e startup.o
 .debug_info    0x0000038e      0x869 main.o
 .debug_info    0x00000bf7      0x2a6 lcd.o

.debug_abbrev   0x00000000      0x441
 .debug_abbrev  0x00000000      0x136 startup.o
 .debug_abbrev  0x00000136      0x1e6 main.o
 .debug_abbrev  0x0000031c      0x125 lcd.o

.debug_aranges  0x00000000       0x68
 .debug_aranges
                0x00000000       0x28 startup.o
 .debug_aranges
                0x00000028       0x20 main.o
 .debug_aranges
                0x00000048       0x20 lcd.o

.debug_ranges   0x00000000       0x18
 .debug_ranges  0x00000000       0x18 startup.o

.debug_line     0x00000000      0x944
 .debug_line    0x00000000      0x25d startup.o
 .debug_line    0x0000025d      0x42c main.o
 .debug_line    0x00000689      0x2bb lcd.o

.debug_str      0x00000000      0x678
 .debug_str     0x00000000      0x27d startup.o
                                0x2c0 (size before relaxing)
 .debug_str     0x0000027d      0x39e main.o
                                0x590 (size before relaxing)
 .debug_str     0x0000061b       0x5d lcd.o
                                0x1eb (size before relaxing)

.comment        0x00000000       0x49
 .comment       0x00000000       0x49 startup.o
                                 0x4a (size before relaxing)
 .comment       0x00000049       0x4a main.o
 .comment       0x00000049       0x4a lcd.o

.ARM.attributes
                0x00000000       0x2c
 .ARM.attributes
                0x00000000       0x2c startup.o
 .ARM.attributes
                0x0000002c       0x2c main.o
 .ARM.attributes
                0x00000058       0x2c lcd.o
 .ARM.attributes
                0x00000084       0x1e c:/users/wayne/desktop/elec 291/gcc-arm-none-eabi-10.3-2021.10/bin/../lib/gcc/arm-none-eabi/10.3.1/thumb/v6-m/nofp\libgcc.a(_divsi3.o)
 .ARM.attributes
                0x000000a2       0x1e c:/users/wayne/desktop/elec 291/gcc-arm-none-eabi-10.3-2021.10/bin/../lib/gcc/arm-none-eabi/10.3.1/thumb/v6-m/nofp\libgcc.a(_dvmd_tls.o)

.debug_frame    0x00000000      0x32c
 .debug_frame   0x00000000       0x94 startup.o
 .debug_frame   0x00000094      0x190 main.o
 .debug_frame   0x00000224       0xe8 lcd.o
 .debug_frame   0x0000030c       0x20 c:/users/wayne/desktop/elec 291/gcc-arm-none-eabi-10.3-2021.10/bin/../lib/gcc/arm-none-eabi/10.3.1/thumb/v6-m/nofp\libgcc.a(_divsi3.o)

Cross Reference Table

Symbol                                            File
ADC_COMP_Handler                                  startup.o
DMA_CH1_Handler                                   startup.o
DMA_CH2_3_Handler                                 startup.o
DMA_CH4_5_6_7_Handler                             startup.o
Default_Handler                                   startup.o
Delay_us                                          lcd.o
EXTI0_1_Handler                                   startup.o
EXTI2_3_Handler                                   startup.o
EXTI4_15_Handler                                  startup.o
FLASH_Handler                                     startup.o
Hard_Fault_Handler                                startup.o
I2C1_Handler                                      main.o
                                                  startup.o
I2C2_Handler                                      startup.o
I2C_Init                                          main.o
LCD_4BIT                                          lcd.o
                                                  main.o
LCD_byte                                          lcd.o
LCD_pins_init                                     main.o
LCD_pulse                                         lcd.o
LCDprint                                          lcd.o
                                                  main.o
LPTIM1_Handler                                    startup.o
LPUART1_Handler                                   startup.o
NMI_Handler                                       startup.o
PVD_Handler                                       startup.o
PendSV_Handler                                    startup.o
RCC_Handler                                       startup.o
RTC_Handler                                       startup.o
ResetInit                                         startup.o
SPI1_Handler                                      startup.o
SPI2_Handler                                      startup.o
SVC_Handler                                       startup.o
SysTick_Handler                                   startup.o
TIM21_Handler                                     startup.o
TIM22_Handler                                     startup.o
TIM2_Handler                                      startup.o
TIM6_Handler                                      startup.o
USART1_Handler                                    startup.o
USART2_Handler                                    startup.o
Vectors                                           startup.o
WWDG_Handler                                      startup.o
WriteCommand                                      lcd.o
                                                  main.o
WriteData                                         lcd.o
                                                  main.o
_StackTop                                         startup.o
__aeabi_idiv                                      c:/users/wayne/desktop/elec 291/gcc-arm-none-eabi-10.3-2021.10/bin/../lib/gcc/arm-none-eabi/10.3.1/thumb/v6-m/nofp\libgcc.a(_divsi3.o)
                                                  lcd.o
__aeabi_idiv0                                     c:/users/wayne/desktop/elec 291/gcc-arm-none-eabi-10.3-2021.10/bin/../lib/gcc/arm-none-eabi/10.3.1/thumb/v6-m/nofp\libgcc.a(_dvmd_tls.o)
                                                  c:/users/wayne/desktop/elec 291/gcc-arm-none-eabi-10.3-2021.10/bin/../lib/gcc/arm-none-eabi/10.3.1/thumb/v6-m/nofp\libgcc.a(_divsi3.o)
__aeabi_idivmod                                   c:/users/wayne/desktop/elec 291/gcc-arm-none-eabi-10.3-2021.10/bin/../lib/gcc/arm-none-eabi/10.3.1/thumb/v6-m/nofp\libgcc.a(_divsi3.o)
__aeabi_ldiv0                                     c:/users/wayne/desktop/elec 291/gcc-arm-none-eabi-10.3-2021.10/bin/../lib/gcc/arm-none-eabi/10.3.1/thumb/v6-m/nofp\libgcc.a(_dvmd_tls.o)
__divsi3                                          c:/users/wayne/desktop/elec 291/gcc-arm-none-eabi-10.3-2021.10/bin/../lib/gcc/arm-none-eabi/10.3.1/thumb/v6-m/nofp\libgcc.a(_divsi3.o)
__init_array_end                                  startup.o
__init_array_start                                startup.o
_data                                             startup.o
_ebss                                             startup.o
_edata                                            startup.o
_etext                                            startup.o
cgram_chars                                       main.o
eyes_blink                                        main.o
eyes_normal                                       main.o
eyes_panic                                        main.o
eyes_wide                                         main.o
initClock                                         startup.o
load_custom_chars                                 main.o
main                                              main.o
                                                  startup.o
r_counter                                         main.o
r_data                                            main.o
r_data_ready                                      main.o
wait_1ms                                          main.o
waitms                                            main.o
                                                  lcd.o
